// Jest Snapshot v1, https://goo.gl/fbAQLP

exports[`<CustomButton /> should display label "Click Here" 1`] = `
[
  <Text
    style={
      {
        "color": "white",
        "fontWeight": "bold",
        "textAlign": "center",
      }
    }
  >
     
    Click Here
     
  </Text>,
  <PressabilityDebugView
    color="cyan"
  />,
]
`;

exports[`<CustomButton /> should match the snapshot 1`] = `
<View
  accessibilityState={
    {
      "busy": undefined,
      "checked": undefined,
      "disabled": undefined,
      "expanded": undefined,
      "selected": undefined,
    }
  }
  accessibilityValue={
    {
      "max": undefined,
      "min": undefined,
      "now": undefined,
      "text": undefined,
    }
  }
  accessible={true}
  collapsable={false}
  focusable={true}
  onClick={[Function]}
  onResponderGrant={[Function]}
  onResponderMove={[Function]}
  onResponderRelease={[Function]}
  onResponderTerminate={[Function]}
  onResponderTerminationRequest={[Function]}
  onStartShouldSetResponder={[Function]}
  style={
    {
      "backgroundColor": "#2196F3",
      "borderRadius": 10,
      "elevation": 2,
      "margin": 5,
      "opacity": 1,
      "padding": 10,
    }
  }
  testID="custom-button"
>
  <Text
    style={
      {
        "color": "white",
        "fontWeight": "bold",
        "textAlign": "center",
      }
    }
  >
     
     
  </Text>
</View>
`;
