// Jest Snapshot v1, https://goo.gl/fbAQLP

exports[`<CustomModal /> should match the snapshot 1`] = `
<Modal
  animationType="fade"
  hardwareAccelerated={false}
  onRequestClose={[Function]}
  transparent={true}
  visible={true}
>
  <View
    style={
      {
        "alignItems": "center",
        "backgroundColor": "rgba(0, 0, 0, 0.5)",
        "flex": 1,
        "justifyContent": "center",
      }
    }
  >
    <View
      style={
        {
          "borderRadius": 10,
          "justifyContent": "space-around",
          "width": "80%",
        }
      }
    >
      <View />
    </View>
  </View>
</Modal>
`;
